 tested_sfun

 Timestamp is 56b8806e (Mon Feb 08 12:47:58 2016)

 Preferred load address is 0000000180000000

 Start         Length     Name                   Class
 0001:00000000 0000a364H .text                   CODE
 0001:0000a370 00000092H .text$x                 CODE
 0002:00000000 00000400H .idata$5                DATA
 0002:00000400 00000008H .CRT$XCA                DATA
 0002:00000408 00000008H .CRT$XCZ                DATA
 0002:00000410 00000008H .CRT$XIA                DATA
 0002:00000418 00000008H .CRT$XIAA               DATA
 0002:00000420 00000008H .CRT$XIZ                DATA
 0002:00000430 0000069cH .rdata                  DATA
 0002:00000ad0 00000008H .rtc$IAA                DATA
 0002:00000ad8 00000008H .rtc$IZZ                DATA
 0002:00000ae0 00000008H .rtc$TAA                DATA
 0002:00000ae8 00000008H .rtc$TZZ                DATA
 0002:00000af0 00000610H .xdata                  DATA
 0002:00001100 00000078H .idata$2                DATA
 0002:00001178 00000014H .idata$3                DATA
 0002:00001190 00000400H .idata$4                DATA
 0002:00001590 00000ae6H .idata$6                DATA
 0002:00002080 00000051H .edata                  DATA
 0003:00000000 00001428H .data                   DATA
 0003:00001430 00000698H .bss                    DATA
 0004:00000000 00000744H .pdata                  DATA

  Address         Publics by Value              Rva+Base               Lib:Object

 0000:00000000       ___safe_se_handler_table   0000000000000000     <absolute>
 0000:00000000       ___safe_se_handler_count   0000000000000000     <absolute>
 0000:00000000       __ImageBase                0000000180000000     <linker-defined>
 0001:00000000       tested_initializer         0000000180001000 f   tested_sfun.obj
 0001:00000010       tested_terminator          0000000180001010 f   tested_sfun.obj
 0001:00000020       sf_tested_method_dispatcher 0000000180001020 f   tested_sfun.obj
 0001:00000070       sf_tested_process_check_sum_call 0000000180001070 f   tested_sfun.obj
 0001:00000480       sf_tested_autoinheritance_info 0000000180001480 f   tested_sfun.obj
 0001:000005f0       sf_tested_get_eml_resolved_functions_info 00000001800015f0 f   tested_sfun.obj
 0001:00000720       sf_tested_third_party_uses_info 0000000180001720 f   tested_sfun.obj
 0001:00000870       sf_tested_updateBuildInfo_args_info 0000000180001870 f   tested_sfun.obj
 0001:000009c0       tested_debug_initialize    00000001800019c0 f   tested_sfun.obj
 0001:00000a40       tested_register_exported_symbols 0000000180001a40 f   tested_sfun.obj
 0001:00000a50       load_tested_optimization_info 0000000180001a50 f   tested_sfun.obj
 0001:00000aa0       unload_tested_optimization_info 0000000180001aa0 f   tested_sfun.obj
 0001:00000ad0       sf_c2_tested_get_eml_resolved_functions_info 0000000180001ad0 f   c2_tested.obj
 0001:00000b50       sf_c2_tested_get_check_sum 0000000180001b50 f   c2_tested.obj
 0001:00000bd0       sf_c2_tested_get_autoinheritance_info 0000000180001bd0 f   c2_tested.obj
 0001:00000ff0       sf_c2_tested_third_party_uses_info 0000000180001ff0 f   c2_tested.obj
 0001:00001020       sf_c2_tested_updateBuildInfo_args_info 0000000180002020 f   c2_tested.obj
 0001:00001050       sf_internal_get_sim_state_c2_tested 0000000180002050 f   c2_tested.obj
 0001:000013b0       sf_internal_set_sim_state_c2_tested 00000001800023b0 f   c2_tested.obj
 0001:000017a0       c2_tested_method_dispatcher 00000001800027a0 f   c2_tested.obj
 0001:00003270       sf_process_check_sum_call  0000000180004270 f   tested_sfun_registry.obj
 0001:000032c0       sf_process_autoinheritance_call 00000001800042c0 f   tested_sfun_registry.obj
 0001:00003460       sf_process_get_third_party_uses_info_call 0000000180004460 f   tested_sfun_registry.obj
 0001:00003600       sf_process_get_updateBuildInfo_args_info_call 0000000180004600 f   tested_sfun_registry.obj
 0001:000037a0       sf_process_get_eml_resolved_functions_info_call 00000001800047a0 f   tested_sfun_registry.obj
 0001:00003920       sf_mex_unlock_call         0000000180004920 f   tested_sfun_registry.obj
 0001:000039d0       sf_machine_global_initializer_called 00000001800049d0 f   tested_sfun_registry.obj
 0001:00003a00       sf_machine_global_method_dispatcher 0000000180004a00 f   tested_sfun_registry.obj
 0001:00003a60       sf_machine_global_terminator 0000000180004a60 f   tested_sfun_registry.obj
 0001:00003ab0       sf_register_machine_exported_symbols 0000000180004ab0 f   tested_sfun_registry.obj
 0001:00003ad0       callCustomFcn              0000000180004ad0 f   tested_sfun_registry.obj
 0001:00003ae0       sf_machine_global_initializer 0000000180004ae0 f   tested_sfun_registry.obj
 0001:00003b60       mdlGetSimState             0000000180004b60 f   tested_sfun_registry.obj
 0001:00003be0       mdlSetSimState             0000000180004be0 f   tested_sfun_registry.obj
 0001:00003c20       _ssSetStateAbsTol          0000000180004c20 f   tested_sfun_registry.obj
 0001:00003d00       _ssGetAbsTol               0000000180004d00 f   tested_sfun_registry.obj
 0001:00003d70       _ssSetInputPortMatrixDimensions 0000000180004d70 f   tested_sfun_registry.obj
 0001:00003e80       _ssSetOutputPortMatrixDimensions 0000000180004e80 f   tested_sfun_registry.obj
 0001:00003f90       _ssSetInputPortVectorDimension 0000000180004f90 f   tested_sfun_registry.obj
 0001:00004060       _ssSetOutputPortVectorDimension 0000000180005060 f   tested_sfun_registry.obj
 0001:00004130       ssIsRunTimeParamTunable    0000000180005130 f   tested_sfun_registry.obj
 0001:000041a0       ssGetSFuncBlockHandle      00000001800051a0 f   tested_sfun_registry.obj
 0001:00004210       _ssGetCurrentInputPortWidth 0000000180005210 f   tested_sfun_registry.obj
 0001:00004330       _ssGetCurrentOutputPortWidth 0000000180005330 f   tested_sfun_registry.obj
 0001:00004450       _ssGetCallSystemNumFcnCallDestinations 0000000180005450 f   tested_sfun_registry.obj
 0001:000044c0       ssWarning                  00000001800054c0 f   tested_sfun_registry.obj
 0001:000045d0       ssGetIsZeroCrossControlDisabled 00000001800055d0 f   tested_sfun_registry.obj
 0001:00004640       ssSetIsInputPortUsedForContZcSignal 0000000180005640 f   tested_sfun_registry.obj
 0001:000046b0       ssSetZcSignalIsZcElementDisc 00000001800056b0 f   tested_sfun_registry.obj
 0001:00004760       ssSetZcSignalName          0000000180005760 f   tested_sfun_registry.obj
 0001:000047d0       ssSetZcSignalWidth         00000001800057d0 f   tested_sfun_registry.obj
 0001:00004840       ssSetZcSignalZcEventType   0000000180005840 f   tested_sfun_registry.obj
 0001:000048b0       ssSetZcSignalType          00000001800058b0 f   tested_sfun_registry.obj
 0001:00004920       ssSetZcSignalZcTol         0000000180005920 f   tested_sfun_registry.obj
 0001:00004990       ssSetZcSignalNeedsEventNotification 0000000180005990 f   tested_sfun_registry.obj
 0001:00004a00       ssCreateAndAddZcSignalInfo 0000000180005a00 f   tested_sfun_registry.obj
 0001:00004a70       ssCloneAndAddZcSignalInfo  0000000180005a70 f   tested_sfun_registry.obj
 0001:00004ae0       ssGetNumZcSignals          0000000180005ae0 f   tested_sfun_registry.obj
 0001:00004b50       ssGetZcSignalVector        0000000180005b50 f   tested_sfun_registry.obj
 0001:00004bc0       ssGetZcSignalZcEvents      0000000180005bc0 f   tested_sfun_registry.obj
 0001:00004c30       ssGetZcSignalName          0000000180005c30 f   tested_sfun_registry.obj
 0001:00004ca0       ssGetZcSignalWidth         0000000180005ca0 f   tested_sfun_registry.obj
 0001:00004d10       ssGetZcSignalZcEventType   0000000180005d10 f   tested_sfun_registry.obj
 0001:00004d80       ssGetZcSignalType          0000000180005d80 f   tested_sfun_registry.obj
 0001:00004df0       ssGetZcSignalZcTol         0000000180005df0 f   tested_sfun_registry.obj
 0001:00004e70       ssGetZcSignalNeedsEventNotification 0000000180005e70 f   tested_sfun_registry.obj
 0001:00004ee0       ssGetZcSignalIsZcElementDisc 0000000180005ee0 f   tested_sfun_registry.obj
 0001:00004f80       ssGetIsInputPortElementContinuous 0000000180005f80 f   tested_sfun_registry.obj
 0001:00005020       _ssGetInputPortSignalPtrsFcn 0000000180006020 f   tested_sfun_registry.obj
 0001:000052e0       _ssGetInputPortSignalFcn   00000001800062e0 f   tested_sfun_registry.obj
 0001:00005500       _ssSetInputPortDirectFeedThroughFcn 0000000180006500 f   tested_sfun_registry.obj
 0001:00005660       _ssSetInputPortReusableFcn 0000000180006660 f   tested_sfun_registry.obj
 0001:00005750       _ssSetOutputPortReusableFcn 0000000180006750 f   tested_sfun_registry.obj
 0001:00005830       ssGetDTypeIdFromMxArray    0000000180006830 f   tested_sfun_registry.obj
 0001:00005950       ssWriteRTWStr              0000000180006950 f   tested_sfun_registry.obj
 0001:000059b0       ssWriteRTWMxVectParam      00000001800069b0 f   tested_sfun_registry.obj
 0001:00005a10       ssWriteRTWMx2dMatParam     0000000180006a10 f   tested_sfun_registry.obj
 0001:00005a90       ssWriteRTWNameValuePair    0000000180006a90 f   tested_sfun_registry.obj
 0001:00005f80       ssWriteRTWParameters       0000000180006f80 f   tested_sfun_registry.obj
 0001:00006580       ssWriteRTWParamSettings    0000000180007580 f   tested_sfun_registry.obj
 0001:00006c50       ssWriteRTWWorkVect         0000000180007c50 f   tested_sfun_registry.obj
 0001:00007150       mexFunction                0000000180008150 f   tested_sfun_registry.obj
 0001:000095d0       ProcessMexSfunctionEveryCall 000000018000a5d0 f   tested_sfun_registry.obj
 0001:00009752       sf_debug_set_machine_data_thresholds 000000018000a752 f   sf_runtime:sf_runtime.dll
 0001:00009758       sf_debug_set_machine_event_thresholds 000000018000a758 f   sf_runtime:sf_runtime.dll
 0001:0000975e       sf_debug_initialize_machine 000000018000a75e f   sf_runtime:sf_runtime.dll
 0001:00009764       sf_load_rtw_optimization_info 000000018000a764 f   sf_runtime:sf_runtime.dll
 0001:0000976a       sf_mex_assign              000000018000a76a f   sf_runtime:sf_runtime.dll
 0001:00009770       sf_mex_create              000000018000a770 f   sf_runtime:sf_runtime.dll
 0001:00009776       sf_mex_error_message       000000018000a776 f   sf_runtime:sf_runtime.dll
 0001:0000977c       sf_mex_call_matlab         000000018000a77c f   sf_runtime:sf_runtime.dll
 0001:00009782       sf_mex_setcell             000000018000a782 f   sf_runtime:sf_runtime.dll
 0001:00009788       sf_mex_createcellmatrix    000000018000a788 f   sf_runtime:sf_runtime.dll
 0001:0000978e       sf_mex_decode_encoded_mx_struct_array 000000018000a78e f   sf_runtime:sf_runtime.dll
 0001:00009794       sf_mex_destroy             000000018000a794 f   sf_runtime:sf_runtime.dll
 0001:0000979a       sf_mex_getcell             000000018000a79a f   sf_runtime:sf_runtime.dll
 0001:000097a0       sf_mex_dup                 000000018000a7a0 f   sf_runtime:sf_runtime.dll
 0001:000097a6       sf_mex_import              000000018000a7a6 f   sf_runtime:sf_runtime.dll
 0001:000097ac       sf_set_rtw_dwork_info      000000018000a7ac f   sf_runtime:sf_runtime.dll
 0001:000097b2       sf_mark_chart_reusable_outputs 000000018000a7b2 f   sf_runtime:sf_runtime.dll
 0001:000097b8       sf_mark_chart_expressionable_inputs 000000018000a7b8 f   sf_runtime:sf_runtime.dll
 0001:000097be       sf_update_buildInfo        000000018000a7be f   sf_runtime:sf_runtime.dll
 0001:000097c4       sf_rtw_info_uint_prop      000000018000a7c4 f   sf_runtime:sf_runtime.dll
 0001:000097ca       sf_is_chart_inlinable      000000018000a7ca f   sf_runtime:sf_runtime.dll
 0001:000097d0       sim_mode_is_external       000000018000a7d0 f   sf_runtime:sf_runtime.dll
 0001:000097d6       sim_mode_is_rtw_gen        000000018000a7d6 f   sf_runtime:sf_runtime.dll
 0001:000097dc       sf_debug_reset_current_state_configuration 000000018000a7dc f   sf_runtime:sf_runtime.dll
 0001:000097e2       sf_debug_set_instance_data_value_ptr 000000018000a7e2 f   sf_runtime:sf_runtime.dll
 0001:000097e8       sf_debug_set_chart_data_compiled_props 000000018000a7e8 f   sf_runtime:sf_runtime.dll
 0001:000097ee       cv_eml_init_fcn            000000018000a7ee f   sf_runtime:sf_runtime.dll
 0001:000097f4       cv_eml_init_script         000000018000a7f4 f   sf_runtime:sf_runtime.dll
 0001:000097fa       sf_debug_cv_init_trans     000000018000a7fa f   sf_runtime:sf_runtime.dll
 0001:00009800       sf_debug_cv_init_state     000000018000a800 f   sf_runtime:sf_runtime.dll
 0001:00009806       sf_debug_cv_init_chart     000000018000a806 f   sf_runtime:sf_runtime.dll
 0001:0000980c       sf_debug_set_chart_decomposition 000000018000a80c f   sf_runtime:sf_runtime.dll
 0001:00009812       sf_debug_set_chart_substate_count 000000018000a812 f   sf_runtime:sf_runtime.dll
 0001:00009818       sf_debug_set_chart_state_info 000000018000a818 f   sf_runtime:sf_runtime.dll
 0001:0000981e       sf_debug_set_chart_data_props 000000018000a81e f   sf_runtime:sf_runtime.dll
 0001:00009824       sf_debug_set_chart_event_thresholds 000000018000a824 f   sf_runtime:sf_runtime.dll
 0001:0000982a       sf_debug_set_chart_disable_implicit_casting 000000018000a82a f   sf_runtime:sf_runtime.dll
 0001:00009830       sf_debug_initialize_chart  000000018000a830 f   sf_runtime:sf_runtime.dll
 0001:00009836       sf_get_time                000000018000a836 f   sf_runtime:sf_runtime.dll
 0001:0000983c       sf_debug_check_for_state_inconsistency 000000018000a83c f   sf_runtime:sf_runtime.dll
 0001:00009842       sf_debug_symbol_scope_pop  000000018000a842 f   sf_runtime:sf_runtime.dll
 0001:00009848       eml_debug_line_call        000000018000a848 f   sf_runtime:sf_runtime.dll
 0001:0000984e       cv_eml_eval                000000018000a84e f   sf_runtime:sf_runtime.dll
 0001:00009854       sf_debug_symbol_scope_add_eml 000000018000a854 f   sf_runtime:sf_runtime.dll
 0001:0000985a       sf_debug_symbol_scope_add_eml_importable 000000018000a85a f   sf_runtime:sf_runtime.dll
 0001:00009860       sf_debug_symbol_scope_push_eml 000000018000a860 f   sf_runtime:sf_runtime.dll
 0001:00009866       sf_debug_data_range_wrapper 000000018000a866 f   sf_runtime:sf_runtime.dll
 0001:0000986c       sf_debug_call              000000018000a86c f   sf_runtime:sf_runtime.dll
 0001:00009872       sf_debug_symbol_scope_push 000000018000a872 f   sf_runtime:sf_runtime.dll
 0001:00009878       sf_clear_rtw_identifier    000000018000a878 f   sf_runtime:sf_runtime.dll
 0001:0000987e       sf_debug_terminate         000000018000a87e f   sf_runtime:sf_runtime.dll
 0001:00009884       sf_debug_create_debug_instance_struct 000000018000a884 f   sf_runtime:sf_runtime.dll
 0001:0000988a       sf_debug_api               000000018000a88a f   sf_runtime:sf_runtime.dll
 0001:00009890       callMdlMethodAndReportError 000000018000a890 f   sf_runtime:sf_runtime.dll
 0001:00009896       call_sf_machine_global_method_dispatcher 000000018000a896 f   sf_runtime:sf_runtime.dll
 0001:0000989c       sf_clear_error_manager_info 000000018000a89c f   sf_runtime:sf_runtime.dll
 0001:000098a2       sf_mex_error_direct_call   000000018000a8a2 f   sf_runtime:sf_runtime.dll
 0001:000098a8       mxGetScalar                000000018000a8a8 f   libmx:libmx.dll
 0001:000098ae       mxGetPr                    000000018000a8ae f   libmx:libmx.dll
 0001:000098b4       mxCreateDoubleMatrix_730   000000018000a8b4 f   libmx:libmx.dll
 0001:000098ba       mxGetString_730            000000018000a8ba f   libmx:libmx.dll
 0001:000098c0       mxIsChar                   000000018000a8c0 f   libmx:libmx.dll
 0001:000098c6       mxDestroyArray             000000018000a8c6 f   libmx:libmx.dll
 0001:000098cc       mxDuplicateArray           000000018000a8cc f   libmx:libmx.dll
 0001:000098d2       mxCreateDoubleScalar       000000018000a8d2 f   libmx:libmx.dll
 0001:000098d8       mxSetField_730             000000018000a8d8 f   libmx:libmx.dll
 0001:000098de       mxCreateString             000000018000a8de f   libmx:libmx.dll
 0001:000098e4       mxCreateStructMatrix_730   000000018000a8e4 f   libmx:libmx.dll
 0001:000098ea       mxCreateCellMatrix_730     000000018000a8ea f   libmx:libmx.dll
 0001:000098f0       mxGetClassID               000000018000a8f0 f   libmx:libmx.dll
 0001:000098f6       mxIsNumeric                000000018000a8f6 f   libmx:libmx.dll
 0001:000098fc       mxIsComplex                000000018000a8fc f   libmx:libmx.dll
 0001:00009902       mxGetN                     000000018000a902 f   libmx:libmx.dll
 0001:00009908       mxGetM                     000000018000a908 f   libmx:libmx.dll
 0001:0000990e       mxCalloc                   000000018000a90e f   libmx:libmx.dll
 0001:00009914       mexMakeArrayPersistent     000000018000a914 f   libmex:libmex.dll
 0001:0000991a       mexUnlock                  000000018000a91a f   libmex:libmex.dll
 0001:00009920       mexIsLocked                000000018000a920 f   libmex:libmex.dll
 0001:00009926       mexWarnMsgTxt              000000018000a926 f   libmex:libmex.dll
 0001:0000992c       mexCallMATLAB              000000018000a92c f   libmex:libmex.dll
 0001:00009932       mexErrMsgTxt               000000018000a932 f   libmex:libmex.dll
 0001:00009938       mexLock                    000000018000a938 f   libmex:libmex.dll
 0001:0000993e       utMalloc                   000000018000a93e f   libut:libut.dll
 0001:00009944       utFree                     000000018000a944 f   libut:libut.dll
 0001:0000994c       __GSHandlerCheckCommon     000000018000a94c f   MSVCRT:gshandler.obj
 0001:000099b0       __GSHandlerCheck           000000018000a9b0 f   MSVCRT:gshandler.obj
 0001:000099ce       strcmp                     000000018000a9ce f   MSVCRT:MSVCR100.dll
 0001:000099f0       __security_check_cookie    000000018000a9f0 f   MSVCRT:amdsecgs.obj
 0001:00009a10       memset                     000000018000aa10 f   MSVCRT:MSVCR100.dll
 0001:00009a16       free                       000000018000aa16 f   MSVCRT:MSVCR100.dll
 0001:00009a1c       sprintf                    000000018000aa1c f   MSVCRT:MSVCR100.dll
 0001:00009a22       malloc                     000000018000aa22 f   MSVCRT:MSVCR100.dll
 0001:00009a28       strlen                     000000018000aa28 f   MSVCRT:MSVCR100.dll
 0001:00009a2e       strcat                     000000018000aa2e f   MSVCRT:MSVCR100.dll
 0001:00009a34       memcpy                     000000018000aa34 f   MSVCRT:MSVCR100.dll
 0001:00009a3c       NtCurrentTeb               000000018000aa3c f i MSVCRT:crtdll.obj
 0001:00009aa8       _CRT_INIT                  000000018000aaa8 f   MSVCRT:crtdll.obj
 0001:00009e40       _DllMainCRTStartup         000000018000ae40 f   MSVCRT:crtdll.obj
 0001:00009e80       __report_gsfailure         000000018000ae80 f   MSVCRT:gs_report.obj
 0001:00009fcc       __clean_type_info_names    000000018000afcc f   MSVCRT:tncleanup.obj
 0001:00009fd8       _onexit                    000000018000afd8 f   MSVCRT:atonexit.obj
 0001:0000a088       atexit                     000000018000b088 f   MSVCRT:atonexit.obj
 0001:0000a0a0       _RTC_Initialize            000000018000b0a0 f   MSVCRT:_initsect_.obj
 0001:0000a0d8       _RTC_Terminate             000000018000b0d8 f   MSVCRT:_initsect_.obj
 0001:0000a110       _malloc_crt                000000018000b110 f   MSVCRT:MSVCR100.dll
 0001:0000a120       _ValidateImageBase         000000018000b120 f   MSVCRT:pesect.obj
 0001:0000a150       _FindPESection             000000018000b150 f   MSVCRT:pesect.obj
 0001:0000a1a0       _IsNonwritableInCurrentImage 000000018000b1a0 f   MSVCRT:pesect.obj
 0001:0000a1e2       _initterm                  000000018000b1e2 f   MSVCRT:MSVCR100.dll
 0001:0000a1e8       _initterm_e                000000018000b1e8 f   MSVCRT:MSVCR100.dll
 0001:0000a1ee       _encoded_null              000000018000b1ee f   MSVCRT:MSVCR100.dll
 0001:0000a1f4       _amsg_exit                 000000018000b1f4 f   MSVCRT:MSVCR100.dll
 0001:0000a1fa       __C_specific_handler       000000018000b1fa f   MSVCRT:MSVCR100.dll
 0001:0000a200       __CppXcptFilter            000000018000b200 f   MSVCRT:MSVCR100.dll
 0001:0000a208       DllMain                    000000018000b208 f   MSVCRT:dllmain.obj
 0001:0000a22c       __security_init_cookie     000000018000b22c f   MSVCRT:gs_support.obj
 0001:0000a2e0       __crt_debugger_hook        000000018000b2e0 f   MSVCRT:MSVCR100.dll
 0001:0000a2e6       __clean_type_info_names_internal 000000018000b2e6 f   MSVCRT:MSVCR100.dll
 0001:0000a2ec       _unlock                    000000018000b2ec f   MSVCRT:MSVCR100.dll
 0001:0000a2f2       __dllonexit                000000018000b2f2 f   MSVCRT:MSVCR100.dll
 0001:0000a2f8       _lock                      000000018000b2f8 f   MSVCRT:MSVCR100.dll
 0001:0000a2fe       EncodePointer              000000018000b2fe f   kernel32:KERNEL32.dll
 0001:0000a304       DecodePointer              000000018000b304 f   kernel32:KERNEL32.dll
 0001:0000a30a       Sleep                      000000018000b30a f   kernel32:KERNEL32.dll
 0001:0000a310       TerminateProcess           000000018000b310 f   kernel32:KERNEL32.dll
 0001:0000a316       GetCurrentProcess          000000018000b316 f   kernel32:KERNEL32.dll
 0001:0000a31c       UnhandledExceptionFilter   000000018000b31c f   kernel32:KERNEL32.dll
 0001:0000a322       SetUnhandledExceptionFilter 000000018000b322 f   kernel32:KERNEL32.dll
 0001:0000a328       IsDebuggerPresent          000000018000b328 f   kernel32:KERNEL32.dll
 0001:0000a32e       RtlVirtualUnwind           000000018000b32e f   kernel32:KERNEL32.dll
 0001:0000a334       RtlLookupFunctionEntry     000000018000b334 f   kernel32:KERNEL32.dll
 0001:0000a33a       RtlCaptureContext          000000018000b33a f   kernel32:KERNEL32.dll
 0001:0000a340       DisableThreadLibraryCalls  000000018000b340 f   kernel32:KERNEL32.dll
 0001:0000a346       QueryPerformanceCounter    000000018000b346 f   kernel32:KERNEL32.dll
 0001:0000a34c       GetTickCount               000000018000b34c f   kernel32:KERNEL32.dll
 0001:0000a352       GetCurrentThreadId         000000018000b352 f   kernel32:KERNEL32.dll
 0001:0000a358       GetCurrentProcessId        000000018000b358 f   kernel32:KERNEL32.dll
 0001:0000a35e       GetSystemTimeAsFileTime    000000018000b35e f   kernel32:KERNEL32.dll
 0002:00000000       __imp_GetSystemTimeAsFileTime 000000018000c000     kernel32:KERNEL32.dll
 0002:00000008       __imp_GetCurrentProcessId  000000018000c008     kernel32:KERNEL32.dll
 0002:00000010       __imp_GetCurrentThreadId   000000018000c010     kernel32:KERNEL32.dll
 0002:00000018       __imp_GetTickCount         000000018000c018     kernel32:KERNEL32.dll
 0002:00000020       __imp_QueryPerformanceCounter 000000018000c020     kernel32:KERNEL32.dll
 0002:00000028       __imp_DisableThreadLibraryCalls 000000018000c028     kernel32:KERNEL32.dll
 0002:00000030       __imp_RtlCaptureContext    000000018000c030     kernel32:KERNEL32.dll
 0002:00000038       __imp_RtlLookupFunctionEntry 000000018000c038     kernel32:KERNEL32.dll
 0002:00000040       __imp_RtlVirtualUnwind     000000018000c040     kernel32:KERNEL32.dll
 0002:00000048       __imp_IsDebuggerPresent    000000018000c048     kernel32:KERNEL32.dll
 0002:00000050       __imp_SetUnhandledExceptionFilter 000000018000c050     kernel32:KERNEL32.dll
 0002:00000058       __imp_UnhandledExceptionFilter 000000018000c058     kernel32:KERNEL32.dll
 0002:00000060       __imp_GetCurrentProcess    000000018000c060     kernel32:KERNEL32.dll
 0002:00000068       __imp_TerminateProcess     000000018000c068     kernel32:KERNEL32.dll
 0002:00000070       __imp_Sleep                000000018000c070     kernel32:KERNEL32.dll
 0002:00000078       __imp_DecodePointer        000000018000c078     kernel32:KERNEL32.dll
 0002:00000080       __imp_EncodePointer        000000018000c080     kernel32:KERNEL32.dll
 0002:00000088       \177KERNEL32_NULL_THUNK_DATA 000000018000c088     kernel32:KERNEL32.dll
 0002:00000090       __imp__onexit              000000018000c090     MSVCRT:MSVCR100.dll
 0002:00000098       __imp__lock                000000018000c098     MSVCRT:MSVCR100.dll
 0002:000000a0       __imp___dllonexit          000000018000c0a0     MSVCRT:MSVCR100.dll
 0002:000000a8       __imp__unlock              000000018000c0a8     MSVCRT:MSVCR100.dll
 0002:000000b0       __imp___clean_type_info_names_internal 000000018000c0b0     MSVCRT:MSVCR100.dll
 0002:000000b8       __imp___crt_debugger_hook  000000018000c0b8     MSVCRT:MSVCR100.dll
 0002:000000c0       __imp___CppXcptFilter      000000018000c0c0     MSVCRT:MSVCR100.dll
 0002:000000c8       __imp___C_specific_handler 000000018000c0c8     MSVCRT:MSVCR100.dll
 0002:000000d0       __imp__amsg_exit           000000018000c0d0     MSVCRT:MSVCR100.dll
 0002:000000d8       __imp__encoded_null        000000018000c0d8     MSVCRT:MSVCR100.dll
 0002:000000e0       __imp__initterm_e          000000018000c0e0     MSVCRT:MSVCR100.dll
 0002:000000e8       __imp__initterm            000000018000c0e8     MSVCRT:MSVCR100.dll
 0002:000000f0       __imp__malloc_crt          000000018000c0f0     MSVCRT:MSVCR100.dll
 0002:000000f8       __imp_memcpy               000000018000c0f8     MSVCRT:MSVCR100.dll
 0002:00000100       __imp_strcat               000000018000c100     MSVCRT:MSVCR100.dll
 0002:00000108       __imp_strlen               000000018000c108     MSVCRT:MSVCR100.dll
 0002:00000110       __imp_malloc               000000018000c110     MSVCRT:MSVCR100.dll
 0002:00000118       __imp_sprintf              000000018000c118     MSVCRT:MSVCR100.dll
 0002:00000120       __imp_free                 000000018000c120     MSVCRT:MSVCR100.dll
 0002:00000128       __imp_memset               000000018000c128     MSVCRT:MSVCR100.dll
 0002:00000130       __imp_strcmp               000000018000c130     MSVCRT:MSVCR100.dll
 0002:00000138       \177MSVCR100_NULL_THUNK_DATA 000000018000c138     MSVCRT:MSVCR100.dll
 0002:00000140       __imp_mexLock              000000018000c140     libmex:libmex.dll
 0002:00000148       __imp_mexErrMsgTxt         000000018000c148     libmex:libmex.dll
 0002:00000150       __imp_mexCallMATLAB        000000018000c150     libmex:libmex.dll
 0002:00000158       __imp_mexWarnMsgTxt        000000018000c158     libmex:libmex.dll
 0002:00000160       __imp_mexIsLocked          000000018000c160     libmex:libmex.dll
 0002:00000168       __imp_mexUnlock            000000018000c168     libmex:libmex.dll
 0002:00000170       __imp_mexMakeArrayPersistent 000000018000c170     libmex:libmex.dll
 0002:00000178       \177libmex_NULL_THUNK_DATA 000000018000c178     libmex:libmex.dll
 0002:00000180       __imp_mxCalloc             000000018000c180     libmx:libmx.dll
 0002:00000188       __imp_mxGetM               000000018000c188     libmx:libmx.dll
 0002:00000190       __imp_mxGetN               000000018000c190     libmx:libmx.dll
 0002:00000198       __imp_mxIsComplex          000000018000c198     libmx:libmx.dll
 0002:000001a0       __imp_mxIsNumeric          000000018000c1a0     libmx:libmx.dll
 0002:000001a8       __imp_mxGetClassID         000000018000c1a8     libmx:libmx.dll
 0002:000001b0       __imp_mxCreateCellMatrix_730 000000018000c1b0     libmx:libmx.dll
 0002:000001b8       __imp_mxCreateStructMatrix_730 000000018000c1b8     libmx:libmx.dll
 0002:000001c0       __imp_mxCreateString       000000018000c1c0     libmx:libmx.dll
 0002:000001c8       __imp_mxGetScalar          000000018000c1c8     libmx:libmx.dll
 0002:000001d0       __imp_mxGetPr              000000018000c1d0     libmx:libmx.dll
 0002:000001d8       __imp_mxCreateDoubleMatrix_730 000000018000c1d8     libmx:libmx.dll
 0002:000001e0       __imp_mxGetString_730      000000018000c1e0     libmx:libmx.dll
 0002:000001e8       __imp_mxIsChar             000000018000c1e8     libmx:libmx.dll
 0002:000001f0       __imp_mxDestroyArray       000000018000c1f0     libmx:libmx.dll
 0002:000001f8       __imp_mxDuplicateArray     000000018000c1f8     libmx:libmx.dll
 0002:00000200       __imp_mxCreateDoubleScalar 000000018000c200     libmx:libmx.dll
 0002:00000208       __imp_mxSetField_730       000000018000c208     libmx:libmx.dll
 0002:00000210       \177libmx_NULL_THUNK_DATA  000000018000c210     libmx:libmx.dll
 0002:00000218       __imp_utMalloc             000000018000c218     libut:libut.dll
 0002:00000220       __imp_utFree               000000018000c220     libut:libut.dll
 0002:00000228       \177libut_NULL_THUNK_DATA  000000018000c228     libut:libut.dll
 0002:00000230       __imp_call_sf_machine_global_method_dispatcher 000000018000c230     sf_runtime:sf_runtime.dll
 0002:00000238       __imp_callMdlMethodAndReportError 000000018000c238     sf_runtime:sf_runtime.dll
 0002:00000240       __imp_sf_debug_api         000000018000c240     sf_runtime:sf_runtime.dll
 0002:00000248       __imp_sf_debug_create_debug_instance_struct 000000018000c248     sf_runtime:sf_runtime.dll
 0002:00000250       __imp_sf_debug_terminate   000000018000c250     sf_runtime:sf_runtime.dll
 0002:00000258       __imp_sf_clear_rtw_identifier 000000018000c258     sf_runtime:sf_runtime.dll
 0002:00000260       __imp_sf_debug_symbol_scope_push 000000018000c260     sf_runtime:sf_runtime.dll
 0002:00000268       __imp_sf_clear_error_manager_info 000000018000c268     sf_runtime:sf_runtime.dll
 0002:00000270       __imp_sf_debug_data_range_wrapper 000000018000c270     sf_runtime:sf_runtime.dll
 0002:00000278       __imp_sf_debug_symbol_scope_push_eml 000000018000c278     sf_runtime:sf_runtime.dll
 0002:00000280       __imp_sf_debug_symbol_scope_add_eml_importable 000000018000c280     sf_runtime:sf_runtime.dll
 0002:00000288       __imp_sf_debug_symbol_scope_add_eml 000000018000c288     sf_runtime:sf_runtime.dll
 0002:00000290       __imp_cv_eml_eval          000000018000c290     sf_runtime:sf_runtime.dll
 0002:00000298       __imp_eml_debug_line_call  000000018000c298     sf_runtime:sf_runtime.dll
 0002:000002a0       __imp_sf_debug_symbol_scope_pop 000000018000c2a0     sf_runtime:sf_runtime.dll
 0002:000002a8       __imp_sf_mex_error_direct_call 000000018000c2a8     sf_runtime:sf_runtime.dll
 0002:000002b0       __imp_sf_debug_call        000000018000c2b0     sf_runtime:sf_runtime.dll
 0002:000002b8       __imp_sf_debug_check_for_state_inconsistency 000000018000c2b8     sf_runtime:sf_runtime.dll
 0002:000002c0       __imp_sf_get_time          000000018000c2c0     sf_runtime:sf_runtime.dll
 0002:000002c8       __imp_sf_debug_initialize_chart 000000018000c2c8     sf_runtime:sf_runtime.dll
 0002:000002d0       __imp_sf_debug_set_chart_disable_implicit_casting 000000018000c2d0     sf_runtime:sf_runtime.dll
 0002:000002d8       __imp_sf_debug_set_chart_event_thresholds 000000018000c2d8     sf_runtime:sf_runtime.dll
 0002:000002e0       __imp_sf_debug_set_chart_data_props 000000018000c2e0     sf_runtime:sf_runtime.dll
 0002:000002e8       __imp_sf_debug_set_chart_state_info 000000018000c2e8     sf_runtime:sf_runtime.dll
 0002:000002f0       __imp_sf_debug_set_chart_substate_count 000000018000c2f0     sf_runtime:sf_runtime.dll
 0002:000002f8       __imp_sf_debug_set_chart_decomposition 000000018000c2f8     sf_runtime:sf_runtime.dll
 0002:00000300       __imp_sf_debug_cv_init_chart 000000018000c300     sf_runtime:sf_runtime.dll
 0002:00000308       __imp_sf_debug_cv_init_state 000000018000c308     sf_runtime:sf_runtime.dll
 0002:00000310       __imp_sf_debug_cv_init_trans 000000018000c310     sf_runtime:sf_runtime.dll
 0002:00000318       __imp_cv_eml_init_script   000000018000c318     sf_runtime:sf_runtime.dll
 0002:00000320       __imp_cv_eml_init_fcn      000000018000c320     sf_runtime:sf_runtime.dll
 0002:00000328       __imp_sf_debug_set_chart_data_compiled_props 000000018000c328     sf_runtime:sf_runtime.dll
 0002:00000330       __imp_sf_debug_set_instance_data_value_ptr 000000018000c330     sf_runtime:sf_runtime.dll
 0002:00000338       __imp_sf_debug_reset_current_state_configuration 000000018000c338     sf_runtime:sf_runtime.dll
 0002:00000340       __imp_sim_mode_is_rtw_gen  000000018000c340     sf_runtime:sf_runtime.dll
 0002:00000348       __imp_sim_mode_is_external 000000018000c348     sf_runtime:sf_runtime.dll
 0002:00000350       __imp_sf_is_chart_inlinable 000000018000c350     sf_runtime:sf_runtime.dll
 0002:00000358       __imp_sf_rtw_info_uint_prop 000000018000c358     sf_runtime:sf_runtime.dll
 0002:00000360       __imp_sf_update_buildInfo  000000018000c360     sf_runtime:sf_runtime.dll
 0002:00000368       __imp_sf_mark_chart_expressionable_inputs 000000018000c368     sf_runtime:sf_runtime.dll
 0002:00000370       __imp_sf_mark_chart_reusable_outputs 000000018000c370     sf_runtime:sf_runtime.dll
 0002:00000378       __imp_sf_set_rtw_dwork_info 000000018000c378     sf_runtime:sf_runtime.dll
 0002:00000380       __imp_sf_mex_import        000000018000c380     sf_runtime:sf_runtime.dll
 0002:00000388       __imp_sf_mex_dup           000000018000c388     sf_runtime:sf_runtime.dll
 0002:00000390       __imp_sf_mex_getcell       000000018000c390     sf_runtime:sf_runtime.dll
 0002:00000398       __imp_sf_mex_destroy       000000018000c398     sf_runtime:sf_runtime.dll
 0002:000003a0       __imp_sf_mex_decode_encoded_mx_struct_array 000000018000c3a0     sf_runtime:sf_runtime.dll
 0002:000003a8       __imp_sf_mex_createcellmatrix 000000018000c3a8     sf_runtime:sf_runtime.dll
 0002:000003b0       __imp_sf_mex_setcell       000000018000c3b0     sf_runtime:sf_runtime.dll
 0002:000003b8       __imp_sf_mex_call_matlab   000000018000c3b8     sf_runtime:sf_runtime.dll
 0002:000003c0       __imp_sf_mex_error_message 000000018000c3c0     sf_runtime:sf_runtime.dll
 0002:000003c8       __imp_sf_mex_create        000000018000c3c8     sf_runtime:sf_runtime.dll
 0002:000003d0       __imp_sf_mex_assign        000000018000c3d0     sf_runtime:sf_runtime.dll
 0002:000003d8       __imp_sf_load_rtw_optimization_info 000000018000c3d8     sf_runtime:sf_runtime.dll
 0002:000003e0       __imp_sf_debug_initialize_machine 000000018000c3e0     sf_runtime:sf_runtime.dll
 0002:000003e8       __imp_sf_debug_set_machine_event_thresholds 000000018000c3e8     sf_runtime:sf_runtime.dll
 0002:000003f0       __imp_sf_debug_set_machine_data_thresholds 000000018000c3f0     sf_runtime:sf_runtime.dll
 0002:000003f8       \177sf_runtime_NULL_THUNK_DATA 000000018000c3f8     sf_runtime:sf_runtime.dll
 0002:00000400       __xc_a                     000000018000c400     MSVCRT:cinitexe.obj
 0002:00000408       __xc_z                     000000018000c408     MSVCRT:cinitexe.obj
 0002:00000410       __xi_a                     000000018000c410     MSVCRT:cinitexe.obj
 0002:00000420       __xi_z                     000000018000c420     MSVCRT:cinitexe.obj
 0002:00000430       __real@41ebfd73fe400000    000000018000c430     tested_sfun.obj
 0002:00000438       __real@41ee9d114cc00000    000000018000c438     tested_sfun.obj
 0002:00000440       __real@41ed3ece80c00000    000000018000c440     tested_sfun.obj
 0002:00000448       __real@41e8cca253200000    000000018000c448     tested_sfun.obj
 0002:00000450       __real@41c900e78a000000    000000018000c450     tested_sfun.obj
 0002:00000458       __real@41eda5398c800000    000000018000c458     tested_sfun.obj
 0002:00000460       __real@41edcf5b43c00000    000000018000c460     tested_sfun.obj
 0002:00000468       __real@41e695dff8600000    000000018000c468     tested_sfun.obj
 0002:00000470       __real@41bddd0972000000    000000018000c470     tested_sfun.obj
 0002:00000478       __real@41ea7e5b0ec00000    000000018000c478     tested_sfun.obj
 0002:00000480       __real@41cd8a4087800000    000000018000c480     tested_sfun.obj
 0002:00000488       __real@41bee63465000000    000000018000c488     tested_sfun.obj
 0002:00000490       __real@41e7237c2c000000    000000018000c490     tested_sfun.obj
 0002:00000498       __real@41d6fd5c03000000    000000018000c498     tested_sfun.obj
 0002:000004a0       __real@41c7284cab800000    000000018000c4a0     tested_sfun.obj
 0002:000004a8       __real@41ded5cefd800000    000000018000c4a8     tested_sfun.obj
 0002:000004b0       __real@41b439f56d000000    000000018000c4b0     c2_tested.obj
 0002:000004b8       __real@41ca706aab000000    000000018000c4b8     c2_tested.obj
 0002:000004c0       __real@41e4c94f57a00000    000000018000c4c0     c2_tested.obj
 0002:000004c8       __real@41b65e2fe1000000    000000018000c4c8     c2_tested.obj
 0002:000004d0       __real@4024000000000000    000000018000c4d0     c2_tested.obj
 0002:000004d8       __real@3ff0000000000000    000000018000c4d8     c2_tested.obj
 0002:000004e0       __mask@@NegDouble@         000000018000c4e0     c2_tested.obj
 0002:000004f0       __real@3fb999999999999a    000000018000c4f0     c2_tested.obj
 0002:00000500       DYNAMIC_DIMENSION_DEF      000000018000c500     tested_sfun_registry.obj
 0002:00000520       _ssBadLevel2InputAccessMsg 000000018000c520     tested_sfun_registry.obj
 0002:000006b0       _ssBadLevel2DirectFeedMsg  000000018000c6b0     tested_sfun_registry.obj
 0002:000007f0       _ssBadLevel2DirectFeedSolutionMsg 000000018000c7f0     tested_sfun_registry.obj
 0002:00000860       _ssBadLevel2ZeroDirectFeedMsg 000000018000c860     tested_sfun_registry.obj
 0002:000009a0       _ssBadLevel2ZeroDirectFeedMsg2 000000018000c9a0     tested_sfun_registry.obj
 0002:00000a88       __real@0000000000000000    000000018000ca88     tested_sfun_registry.obj
 0002:00000a90       __real@bff0000000000000    000000018000ca90     tested_sfun_registry.obj
 0002:00000a98       __real@41602cbca0000000    000000018000ca98     tested_sfun_registry.obj
 0002:00000aa0       _pDefaultRawDllMain        000000018000caa0     MSVCRT:crtdll.obj
 0002:00000aa0       _pRawDllMain               000000018000caa0     MSVCRT:crtdll.obj
 0002:00000ab8       ?ProcessDetach@NativeDll@<CrtImplementationDetails>@@0IB 000000018000cab8     MSVCRT:tncleanup.obj
 0002:00000abc       ?ProcessAttach@NativeDll@<CrtImplementationDetails>@@0IB 000000018000cabc     MSVCRT:tncleanup.obj
 0002:00000ac0       ?ThreadAttach@NativeDll@<CrtImplementationDetails>@@0IB 000000018000cac0     MSVCRT:tncleanup.obj
 0002:00000ac4       ?ThreadDetach@NativeDll@<CrtImplementationDetails>@@0IB 000000018000cac4     MSVCRT:tncleanup.obj
 0002:00000ac8       ?ProcessVerifier@NativeDll@<CrtImplementationDetails>@@0IB 000000018000cac8     MSVCRT:tncleanup.obj
 0002:00000ad0       __rtc_iaa                  000000018000cad0     MSVCRT:_initsect_.obj
 0002:00000ad8       __rtc_izz                  000000018000cad8     MSVCRT:_initsect_.obj
 0002:00000ae0       __rtc_taa                  000000018000cae0     MSVCRT:_initsect_.obj
 0002:00000ae8       __rtc_tzz                  000000018000cae8     MSVCRT:_initsect_.obj
 0002:00001100       __IMPORT_DESCRIPTOR_sf_runtime 000000018000d100     sf_runtime:sf_runtime.dll
 0002:00001114       __IMPORT_DESCRIPTOR_libmx  000000018000d114     libmx:libmx.dll
 0002:00001128       __IMPORT_DESCRIPTOR_libmex 000000018000d128     libmex:libmex.dll
 0002:0000113c       __IMPORT_DESCRIPTOR_libut  000000018000d13c     libut:libut.dll
 0002:00001150       __IMPORT_DESCRIPTOR_MSVCR100 000000018000d150     MSVCRT:MSVCR100.dll
 0002:00001164       __IMPORT_DESCRIPTOR_KERNEL32 000000018000d164     kernel32:KERNEL32.dll
 0002:00001178       __NULL_IMPORT_DESCRIPTOR   000000018000d178     sf_runtime:sf_runtime.dll
 0003:00000800       DYNAMIC_DIMENSION          000000018000f800     tested_sfun_registry.obj
 0003:00001408       __security_cookie          0000000180010408     MSVCRT:gs_cookie.obj
 0003:00001410       __security_cookie_complement 0000000180010410     MSVCRT:gs_cookie.obj
 0003:00001418       _fltused                   0000000180010418     MSVCRT:dllsupp.obj
 0003:00001420       __native_dllmain_reason    0000000180010420     MSVCRT:natstart.obj
 0003:00001424       __native_vcclrit_reason    0000000180010424     MSVCRT:natstart.obj
 0003:00001508       sfGlobalDebugInstanceStruct 0000000180010508     tested_sfun_registry.obj
 0003:00001a90       ?__type_info_root_node@@3U__type_info_node@@A 0000000180010a90     MSVCRT:tncleanup.obj
 0003:00001aa0       _testedMachineNumber_      0000000180010aa0     <common>
 0003:00001aa4       __native_startup_state     0000000180010aa4     <common>
 0003:00001aa8       __native_startup_lock      0000000180010aa8     <common>
 0003:00001ab0       __onexitend                0000000180010ab0     <common>
 0003:00001ab8       __onexitbegin              0000000180010ab8     <common>
 0003:00001ac0       __dyn_tls_init_callback    0000000180010ac0     <common>

 entry point at        0001:00009e40

 Static symbols

 0001:00001150       get_sim_state_c2_tested    0000000180002150 f   c2_tested.obj
 0001:000012f0       sf_get_sim_state_info_c2_tested 00000001800022f0 f   c2_tested.obj
 0001:000014c0       set_sim_state_c2_tested    00000001800024c0 f   c2_tested.obj
 0001:000015a0       c2_update_debugger_state_c2_tested 00000001800025a0 f   c2_tested.obj
 0001:000015b0       c2_emlrt_marshallIn        00000001800025b0 f   c2_tested.obj
 0001:00001620       c2_b_emlrt_marshallIn      0000000180002620 f   c2_tested.obj
 0001:000016b0       c2_d_emlrt_marshallIn      00000001800026b0 f   c2_tested.obj
 0001:00001710       c2_e_emlrt_marshallIn      0000000180002710 f   c2_tested.obj
 0001:00001810       mdlProcessParameters_c2_tested 0000000180002810 f   c2_tested.obj
 0001:000018f0       initialize_params_c2_tested 00000001800028f0 f   c2_tested.obj
 0001:00001900       mdlSetWorkWidths_c2_tested 0000000180002900 f   c2_tested.obj
 0001:00001dd0       sf_get_instance_specialization 0000000180002dd0 f   c2_tested.obj
 0001:00001de0       mdlStart_c2_tested         0000000180002de0 f   c2_tested.obj
 0001:00002010       init_dsm_address_info      0000000180003010 f   c2_tested.obj
 0001:00002020       chart_debug_initialization 0000000180003020 f   c2_tested.obj
 0001:00002760       init_script_number_translation 0000000180003760 f   c2_tested.obj
 0001:00002780       c2_sf_marshallOut          0000000180003780 f   c2_tested.obj
 0001:00002830       c2_sf_marshallIn           0000000180003830 f   c2_tested.obj
 0001:000028d0       sf_opaque_initialize_c2_tested 00000001800038d0 f   c2_tested.obj
 0001:00002910       initialize_c2_tested       0000000180003910 f   c2_tested.obj
 0001:00002960       sf_opaque_enable_c2_tested 0000000180003960 f   c2_tested.obj
 0001:00002980       enable_c2_tested           0000000180003980 f   c2_tested.obj
 0001:000029b0       sf_opaque_disable_c2_tested 00000001800039b0 f   c2_tested.obj
 0001:000029d0       disable_c2_tested          00000001800039d0 f   c2_tested.obj
 0001:00002a00       sf_opaque_gateway_c2_tested 0000000180003a00 f   c2_tested.obj
 0001:00002a20       sf_gateway_c2_tested       0000000180003a20 f   c2_tested.obj
 0001:00003100       sf_opaque_get_sim_state_c2_tested 0000000180004100 f   c2_tested.obj
 0001:00003120       sf_opaque_set_sim_state_c2_tested 0000000180004120 f   c2_tested.obj
 0001:00003150       sf_opaque_terminate_c2_tested 0000000180004150 f   c2_tested.obj
 0001:000031f0       finalize_c2_tested         00000001800041f0 f   c2_tested.obj
 0001:00003200       sf_opaque_init_subchart_simstructs 0000000180004200 f   c2_tested.obj
 0001:00003220       initSimStructsc2_tested    0000000180004220 f   c2_tested.obj
 0001:00003230       mdlRTW_c2_tested           0000000180004230 f   c2_tested.obj
 0001:00003ba0       getChartInfoFromSimStruct  0000000180004ba0 f   tested_sfun_registry.obj
 0001:00005240       _ssFatalError              0000000180006240 f   tested_sfun_registry.obj
 0001:000082f0       ProcessMexSfunctionCmdLineCall 00000001800092f0 f   tested_sfun_registry.obj
 0001:00008420       sf_debug_api_wrapper       0000000180009420 f   tested_sfun_registry.obj
 0001:00008470       mdlStart                   0000000180009470 f   tested_sfun_registry.obj
 0001:000084a0       mdl_start_processing       00000001800094a0 f   tested_sfun_registry.obj
 0001:00008530       mdlTerminate               0000000180009530 f   tested_sfun_registry.obj
 0001:00008560       mdl_terminate_processing   0000000180009560 f   tested_sfun_registry.obj
 0001:000085e0       mdlInitializeSampleTimes   00000001800095e0 f   tested_sfun_registry.obj
 0001:00008610       mdlZeroCrossings           0000000180009610 f   tested_sfun_registry.obj
 0001:00008640       mdl_zeroCrossings_processing 0000000180009640 f   tested_sfun_registry.obj
 0001:00008680       mdlDerivatives             0000000180009680 f   tested_sfun_registry.obj
 0001:000086b0       mdl_derivatives_processing 00000001800096b0 f   tested_sfun_registry.obj
 0001:00008700       mdlInitializeConditions    0000000180009700 f   tested_sfun_registry.obj
 0001:00008730       mdl_initialize_conditions_processing 0000000180009730 f   tested_sfun_registry.obj
 0001:00008780       mdlEnable                  0000000180009780 f   tested_sfun_registry.obj
 0001:000087b0       mdl_enable_processing      00000001800097b0 f   tested_sfun_registry.obj
 0001:000087f0       mdlDisable                 00000001800097f0 f   tested_sfun_registry.obj
 0001:00008820       mdl_disable_processing     0000000180009820 f   tested_sfun_registry.obj
 0001:00008860       mdlOutputs                 0000000180009860 f   tested_sfun_registry.obj
 0001:00008890       mdl_outputs_processing     0000000180009890 f   tested_sfun_registry.obj
 0001:00008970       mdl_outputs_continuous_legacy 0000000180009970 f   tested_sfun_registry.obj
 0001:00008a60       mdlGetTimeOfNextVarHit     0000000180009a60 f   tested_sfun_registry.obj
 0001:00008ab0       _ProcessMexSfunctionCmdLineCall 0000000180009ab0 f   tested_sfun_registry.obj
 0001:00009200       mdlSetWorkWidths           000000018000a200 f   tested_sfun_registry.obj
 0001:00009230       mdlProcessParameters       000000018000a230 f   tested_sfun_registry.obj
 0001:00009260       mdlInitializeSizes         000000018000a260 f   tested_sfun_registry.obj
 0001:00009290       mdlExtModeExec             000000018000a290 f   tested_sfun_registry.obj
 0001:000092c0       mdl_ext_mode_exec_processing 000000018000a2c0 f   tested_sfun_registry.obj
 0001:00009300       mdlRTW                     000000018000a300 f   tested_sfun_registry.obj
 0001:00009340       _CreateSimStruct           000000018000a340 f   tested_sfun_registry.obj
 0001:000094d0       _RegNumInputPortsCB        000000018000a4d0 f   tested_sfun_registry.obj
 0001:00009550       _RegNumOutputPortsCB       000000018000a550 f   tested_sfun_registry.obj
 0001:00009a48       pre_c_init                 000000018000aa48 f   MSVCRT:crtdll.obj
 0001:00009d04       __DllMainCRTStartup        000000018000ad04 f   MSVCRT:crtdll.obj
 0001:0000a370       __DllMainCRTStartup$filt$0 000000018000b370 f   MSVCRT:crtdll.obj
 0001:0000a3a0       __DllMainCRTStartup$fin$1  000000018000b3a0 f   MSVCRT:crtdll.obj
 0001:0000a3ba       _onexit$fin$0              000000018000b3ba f   MSVCRT:atonexit.obj
 0001:0000a3e0       _IsNonwritableInCurrentImage$filt$0 000000018000b3e0 f   MSVCRT:pesect.obj
